// Jest Snapshot v1, https://goo.gl/fbAQLP

exports[`Snapshot tests Hello Kubernetes 1`] = `
HelloKubernetes {
  "_disableResourceNameHashes": false,
  "_labels": {},
  "namespace": undefined,
  "node": Node {
    "_children": {
      "deployment": KubeDeployment {
        "apiGroup": "apps",
        "apiVersion": "apps/v1",
        "chart": [Circular],
        "kind": "Deployment",
        "metadata": ApiObjectMetadataDefinition {
          "_additionalAttributes": {
            "labels": {
              "app.kubernetes.io/name": "hello-kubernetes",
            },
            "name": "hello-kubernetes",
            "namespace": undefined,
          },
          "annotations": {},
          "finalizers": [],
          "labels": {
            "app.kubernetes.io/name": "hello-kubernetes",
          },
          "name": "hello-kubernetes",
          "namespace": undefined,
          "ownerReferences": [],
        },
        "name": "hello-kubernetes",
        "node": Node {
          "_children": {},
          "_context": {},
          "_dependencies": Set {},
          "_locked": false,
          "_metadata": [],
          "_validations": [],
          "host": [Circular],
          "id": "deployment",
          "scope": [Circular],
        },
        "patches": [],
        "props": {
          "apiVersion": "apps/v1",
          "kind": "Deployment",
          "metadata": {
            "labels": {
              "app.kubernetes.io/name": "hello-kubernetes",
            },
            "name": "hello-kubernetes",
          },
          "spec": {
            "replicas": 1,
            "selector": {
              "matchLabels": {
                "app.kubernetes.io/name": "hello-kubernetes",
              },
            },
            "template": {
              "metadata": {
                "labels": {
                  "app.kubernetes.io/name": "hello-kubernetes",
                },
                "name": "hello-kubernetes",
              },
              "spec": {
                "containers": [
                  {
                    "env": [
                      {
                        "name": "PORT",
                        "value": "8080",
                      },
                      {
                        "name": "MESSAGE",
                        "value": "Message goes here",
                      },
                      {
                        "name": "KUBERNETES_NAMESPACE",
                        "valueFrom": {
                          "fieldRef": {
                            "fieldPath": "metadata.namespace",
                          },
                        },
                      },
                      {
                        "name": "KUBERNETES_POD_NAME",
                        "valueFrom": {
                          "fieldRef": {
                            "fieldPath": "metadata.name",
                          },
                        },
                      },
                      {
                        "name": "KUBERNETES_NODE_NAME",
                        "valueFrom": {
                          "fieldRef": {
                            "fieldPath": "spec.nodeName",
                          },
                        },
                      },
                      {
                        "name": "CONTAINER_IMAGE",
                        "value": "paulbouwer/hello-kubernetes:1.10.1",
                      },
                    ],
                    "image": "paulbouwer/hello-kubernetes:1.10.1",
                    "imagePullPolicy": "IfNotPresent",
                    "livenessProbe": {
                      "httpGet": {
                        "port": IntOrString {
                          "value": 8080,
                        },
                      },
                    },
                    "name": "hello-kubernetes",
                    "ports": [
                      {
                        "containerPort": 8080,
                        "name": "http",
                        "protocol": "TCP",
                      },
                    ],
                    "readinessProbe": {
                      "httpGet": {
                        "port": IntOrString {
                          "value": 8080,
                        },
                      },
                    },
                  },
                ],
                "serviceAccountName": "hello-kubernetes",
              },
            },
          },
        },
        Symbol(@aws-cdk/core.DependableTrait): {
          "dependencyRoots": [
            [Circular],
          ],
        },
      },
      "ingress": KubeIngress {
        "apiGroup": "networking.k8s.io",
        "apiVersion": "networking.k8s.io/v1",
        "chart": [Circular],
        "kind": "Ingress",
        "metadata": ApiObjectMetadataDefinition {
          "_additionalAttributes": {
            "annotations": {
              "kubernetes.io/ingress.class": "traefik",
              "traefik.ingress.kubernetes.io/router.tls": "false",
            },
            "labels": {
              "app.kubernetes.io/name": "hello-kubernetes",
            },
            "name": "hello-kubernetes",
            "namespace": undefined,
          },
          "annotations": {
            "kubernetes.io/ingress.class": "traefik",
            "traefik.ingress.kubernetes.io/router.tls": "false",
          },
          "finalizers": [],
          "labels": {
            "app.kubernetes.io/name": "hello-kubernetes",
          },
          "name": "hello-kubernetes",
          "namespace": undefined,
          "ownerReferences": [],
        },
        "name": "hello-kubernetes",
        "node": Node {
          "_children": {},
          "_context": {},
          "_dependencies": Set {},
          "_locked": false,
          "_metadata": [],
          "_validations": [],
          "host": [Circular],
          "id": "ingress",
          "scope": [Circular],
        },
        "patches": [],
        "props": {
          "apiVersion": "networking.k8s.io/v1",
          "kind": "Ingress",
          "metadata": {
            "annotations": {
              "kubernetes.io/ingress.class": "traefik",
              "traefik.ingress.kubernetes.io/router.tls": "false",
            },
            "labels": {
              "app.kubernetes.io/name": "hello-kubernetes",
            },
            "name": "hello-kubernetes",
          },
          "spec": {
            "rules": [
              {
                "host": "test.h6020-001.devops-at-ho.me",
                "http": {
                  "paths": [
                    {
                      "backend": {
                        "service": {
                          "name": "hello-kubernetes",
                          "port": {
                            "number": 8080,
                          },
                        },
                      },
                      "path": "/",
                      "pathType": "Prefix",
                    },
                  ],
                },
              },
            ],
          },
        },
        Symbol(@aws-cdk/core.DependableTrait): {
          "dependencyRoots": [
            [Circular],
          ],
        },
      },
      "service": KubeService {
        "apiGroup": "core",
        "apiVersion": "v1",
        "chart": [Circular],
        "kind": "Service",
        "metadata": ApiObjectMetadataDefinition {
          "_additionalAttributes": {
            "labels": {
              "app.kubernetes.io/name": "hello-kubernetes",
            },
            "name": "hello-kubernetes",
            "namespace": undefined,
          },
          "annotations": {},
          "finalizers": [],
          "labels": {
            "app.kubernetes.io/name": "hello-kubernetes",
          },
          "name": "hello-kubernetes",
          "namespace": undefined,
          "ownerReferences": [],
        },
        "name": "hello-kubernetes",
        "node": Node {
          "_children": {},
          "_context": {},
          "_dependencies": Set {},
          "_locked": false,
          "_metadata": [],
          "_validations": [],
          "host": [Circular],
          "id": "service",
          "scope": [Circular],
        },
        "patches": [],
        "props": {
          "apiVersion": "v1",
          "kind": "Service",
          "metadata": {
            "labels": {
              "app.kubernetes.io/name": "hello-kubernetes",
            },
            "name": "hello-kubernetes",
          },
          "spec": {
            "ports": [
              {
                "name": "http",
                "port": 8080,
              },
            ],
            "selector": {
              "app.kubernetes.io/name": "hello-kubernetes",
            },
            "type": "LoadBalancer",
          },
        },
        Symbol(@aws-cdk/core.DependableTrait): {
          "dependencyRoots": [
            [Circular],
          ],
        },
      },
      "serviceAccount": KubeServiceAccount {
        "apiGroup": "core",
        "apiVersion": "v1",
        "chart": [Circular],
        "kind": "ServiceAccount",
        "metadata": ApiObjectMetadataDefinition {
          "_additionalAttributes": {
            "labels": {
              "app.kubernetes.io/name": "hello-kubernetes",
            },
            "name": "hello-kubernetes",
            "namespace": undefined,
          },
          "annotations": {},
          "finalizers": [],
          "labels": {
            "app.kubernetes.io/name": "hello-kubernetes",
          },
          "name": "hello-kubernetes",
          "namespace": undefined,
          "ownerReferences": [],
        },
        "name": "hello-kubernetes",
        "node": Node {
          "_children": {},
          "_context": {},
          "_dependencies": Set {},
          "_locked": false,
          "_metadata": [],
          "_validations": [],
          "host": [Circular],
          "id": "serviceAccount",
          "scope": [Circular],
        },
        "patches": [],
        "props": {
          "apiVersion": "v1",
          "kind": "ServiceAccount",
          "metadata": {
            "labels": {
              "app.kubernetes.io/name": "hello-kubernetes",
            },
            "name": "hello-kubernetes",
          },
        },
        Symbol(@aws-cdk/core.DependableTrait): {
          "dependencyRoots": [
            [Circular],
          ],
        },
      },
    },
    "_context": {},
    "_dependencies": Set {},
    "_locked": false,
    "_metadata": [],
    "_validations": [],
    "host": [Circular],
    "id": "HelloKubernetes",
    "scope": App {
      "node": Node {
        "_children": {
          "HelloKubernetes": [Circular],
        },
        "_context": {},
        "_dependencies": Set {},
        "_locked": false,
        "_metadata": [],
        "_validations": [],
        "host": [Circular],
        "id": "",
        "scope": undefined,
      },
      "outdir": "dist",
      "outputFileExtension": ".k8s.yaml",
      "recordConstructMetadata": false,
      "yamlOutputType": 1,
      Symbol(@aws-cdk/core.DependableTrait): {
        "dependencyRoots": [
          [Circular],
        ],
      },
    },
  },
  Symbol(@aws-cdk/core.DependableTrait): {
    "dependencyRoots": [
      [Circular],
    ],
  },
}
`;
